
> ui-test-fruit@1.0.0 build-storybook /Users/andreslargo/Develop/test/react-injection/apps/ui
> storybook build "--output-dir=/var/folders/3l/n0ncyjtx72n3pkp9psvfy3d00000gp/T/chromatic--81301-xDctPky1buYN"

[1m@storybook/core v8.6.11
[22m
info => Cleaning outputDir: [36m../../../../../../../var/folders/3l/n0ncyjtx72n3pkp9psvfy3d00000gp/T/chromatic--81301-xDctPky1buYN[39m
info => Loading presets
info => Building manager..
info => Manager built ([38;2;181;126;229m103 ms[39m)
info => Building preview..
WARN No story files found for the specified pattern: [34mstories/**/*.mdx[39m
info Using tsconfig paths for react-docgen
[36mvite v6.2.3 [32mbuilding for production...[36m[39m
transforming...
[32m✓[39m 116 modules transformed.
rendering chunks...
computing gzip size...
[2m../../../../../../../var/folders/3l/n0ncyjtx72n3pkp9psvfy3d00000gp/T/chromatic--81301-xDctPky1buYN/[22m[32miframe.html                               [39m[1m[2m 17.76 kB[22m[1m[22m[2m │ gzip:   5.00 kB[22m
[2m../../../../../../../var/folders/3l/n0ncyjtx72n3pkp9psvfy3d00000gp/T/chromatic--81301-xDctPky1buYN/[22m[2massets/[22m[35mpreview-Bj4cHU7w.css               [39m[1m[2m 29.76 kB[22m[1m[22m[2m │ gzip:   5.83 kB[22m
[2m../../../../../../../var/folders/3l/n0ncyjtx72n3pkp9psvfy3d00000gp/T/chromatic--81301-xDctPky1buYN/[22m[2massets/[22m[36mpreview-C4RkXjL2.js                [39m[1m[2m  0.11 kB[22m[1m[22m[2m │ gzip:   0.11 kB[22m
[2m../../../../../../../var/folders/3l/n0ncyjtx72n3pkp9psvfy3d00000gp/T/chromatic--81301-xDctPky1buYN/[22m[2massets/[22m[36mpreview-Dyg8NwXV.js                [39m[1m[2m  0.17 kB[22m[1m[22m[2m │ gzip:   0.16 kB[22m
[2m../../../../../../../var/folders/3l/n0ncyjtx72n3pkp9psvfy3d00000gp/T/chromatic--81301-xDctPky1buYN/[22m[2massets/[22m[36mpreview-CvbIS5ZJ.js                [39m[1m[2m  0.18 kB[22m[1m[22m[2m │ gzip:   0.16 kB[22m
[2m../../../../../../../var/folders/3l/n0ncyjtx72n3pkp9psvfy3d00000gp/T/chromatic--81301-xDctPky1buYN/[22m[2massets/[22m[36mindex-B8rYRX2K.js                  [39m[1m[2m  0.42 kB[22m[1m[22m[2m │ gzip:   0.27 kB[22m
[2m../../../../../../../var/folders/3l/n0ncyjtx72n3pkp9psvfy3d00000gp/T/chromatic--81301-xDctPky1buYN/[22m[2massets/[22m[36mchunk-XP5HYGXS-BpfKkqn7.js         [39m[1m[2m  0.71 kB[22m[1m[22m[2m │ gzip:   0.40 kB[22m
[2m../../../../../../../var/folders/3l/n0ncyjtx72n3pkp9psvfy3d00000gp/T/chromatic--81301-xDctPky1buYN/[22m[2massets/[22m[36mpreview-DGUiP6tS.js                [39m[1m[2m  0.71 kB[22m[1m[22m[2m │ gzip:   0.50 kB[22m
[2m../../../../../../../var/folders/3l/n0ncyjtx72n3pkp9psvfy3d00000gp/T/chromatic--81301-xDctPky1buYN/[22m[2massets/[22m[36mjsx-runtime-D_zvdyIk.js            [39m[1m[2m  0.73 kB[22m[1m[22m[2m │ gzip:   0.46 kB[22m
[2m../../../../../../../var/folders/3l/n0ncyjtx72n3pkp9psvfy3d00000gp/T/chromatic--81301-xDctPky1buYN/[22m[2massets/[22m[36mindex-DrFu-skq.js                  [39m[1m[2m  0.77 kB[22m[1m[22m[2m │ gzip:   0.47 kB[22m
[2m../../../../../../../var/folders/3l/n0ncyjtx72n3pkp9psvfy3d00000gp/T/chromatic--81301-xDctPky1buYN/[22m[2massets/[22m[36mreact-18-DHYbe8FW.js               [39m[1m[2m  0.77 kB[22m[1m[22m[2m │ gzip:   0.46 kB[22m
[2m../../../../../../../var/folders/3l/n0ncyjtx72n3pkp9psvfy3d00000gp/T/chromatic--81301-xDctPky1buYN/[22m[2massets/[22m[36mpreview-D4igX1m8.js                [39m[1m[2m  0.87 kB[22m[1m[22m[2m │ gzip:   0.56 kB[22m
[2m../../../../../../../var/folders/3l/n0ncyjtx72n3pkp9psvfy3d00000gp/T/chromatic--81301-xDctPky1buYN/[22m[2massets/[22m[36mtest-utils--_O2wM1y.js             [39m[1m[2m  1.12 kB[22m[1m[22m[2m │ gzip:   0.69 kB[22m
[2m../../../../../../../var/folders/3l/n0ncyjtx72n3pkp9psvfy3d00000gp/T/chromatic--81301-xDctPky1buYN/[22m[2massets/[22m[36mpreview-DD_OYowb.js                [39m[1m[2m  3.51 kB[22m[1m[22m[2m │ gzip:   1.69 kB[22m
[2m../../../../../../../var/folders/3l/n0ncyjtx72n3pkp9psvfy3d00000gp/T/chromatic--81301-xDctPky1buYN/[22m[2massets/[22m[36mpreview-B8lJiyuQ.js                [39m[1m[2m  5.06 kB[22m[1m[22m[2m │ gzip:   1.88 kB[22m
[2m../../../../../../../var/folders/3l/n0ncyjtx72n3pkp9psvfy3d00000gp/T/chromatic--81301-xDctPky1buYN/[22m[2massets/[22m[36mBadge.stories-CVYbPgcO.js          [39m[1m[2m  5.96 kB[22m[1m[22m[2m │ gzip:   1.79 kB[22m
[2m../../../../../../../var/folders/3l/n0ncyjtx72n3pkp9psvfy3d00000gp/T/chromatic--81301-xDctPky1buYN/[22m[2massets/[22m[36mpreview-BWzBA1C2.js                [39m[1m[2m  7.62 kB[22m[1m[22m[2m │ gzip:   1.56 kB[22m
[2m../../../../../../../var/folders/3l/n0ncyjtx72n3pkp9psvfy3d00000gp/T/chromatic--81301-xDctPky1buYN/[22m[2massets/[22m[36mpreview-BBWR9nbA.js                [39m[1m[2m  8.12 kB[22m[1m[22m[2m │ gzip:   3.10 kB[22m
[2m../../../../../../../var/folders/3l/n0ncyjtx72n3pkp9psvfy3d00000gp/T/chromatic--81301-xDctPky1buYN/[22m[2massets/[22m[36mindex-D4lIrffr.js                  [39m[1m[2m  8.40 kB[22m[1m[22m[2m │ gzip:   3.28 kB[22m
[2m../../../../../../../var/folders/3l/n0ncyjtx72n3pkp9psvfy3d00000gp/T/chromatic--81301-xDctPky1buYN/[22m[2massets/[22m[36mButton.stories-DoRaxmzo.js         [39m[1m[2m 10.01 kB[22m[1m[22m[2m │ gzip:   3.03 kB[22m
[2m../../../../../../../var/folders/3l/n0ncyjtx72n3pkp9psvfy3d00000gp/T/chromatic--81301-xDctPky1buYN/[22m[2massets/[22m[36mCard.stories-8Z94i7Hd.js           [39m[1m[2m 11.01 kB[22m[1m[22m[2m │ gzip:   2.65 kB[22m
[2m../../../../../../../var/folders/3l/n0ncyjtx72n3pkp9psvfy3d00000gp/T/chromatic--81301-xDctPky1buYN/[22m[2massets/[22m[36mModal.stories-BlvzNYfw.js          [39m[1m[2m 12.40 kB[22m[1m[22m[2m │ gzip:   3.25 kB[22m
[2m../../../../../../../var/folders/3l/n0ncyjtx72n3pkp9psvfy3d00000gp/T/chromatic--81301-xDctPky1buYN/[22m[2massets/[22m[36mutils-jAU0Cazi.js                  [39m[1m[2m 21.90 kB[22m[1m[22m[2m │ gzip:   7.35 kB[22m
[2m../../../../../../../var/folders/3l/n0ncyjtx72n3pkp9psvfy3d00000gp/T/chromatic--81301-xDctPky1buYN/[22m[2massets/[22m[36mColor-YHDXOIA2-D7U7IFDn.js         [39m[1m[2m 29.31 kB[22m[1m[22m[2m │ gzip:  11.04 kB[22m
[2m../../../../../../../var/folders/3l/n0ncyjtx72n3pkp9psvfy3d00000gp/T/chromatic--81301-xDctPky1buYN/[22m[2massets/[22m[36mentry-preview-CnNHC9Mp.js          [39m[1m[2m 29.76 kB[22m[1m[22m[2m │ gzip:   9.52 kB[22m
[2m../../../../../../../var/folders/3l/n0ncyjtx72n3pkp9psvfy3d00000gp/T/chromatic--81301-xDctPky1buYN/[22m[2massets/[22m[36mindex-CXQShRbs.js                  [39m[1m[2m 53.73 kB[22m[1m[22m[2m │ gzip:  15.55 kB[22m
[2m../../../../../../../var/folders/3l/n0ncyjtx72n3pkp9psvfy3d00000gp/T/chromatic--81301-xDctPky1buYN/[22m[2massets/[22m[36mclient-DOxnGvC8.js                 [39m[1m[2m177.70 kB[22m[1m[22m[2m │ gzip:  55.93 kB[22m
[2m../../../../../../../var/folders/3l/n0ncyjtx72n3pkp9psvfy3d00000gp/T/chromatic--81301-xDctPky1buYN/[22m[2massets/[22m[36miframe-8oE2L2Ex.js                 [39m[1m[2m212.28 kB[22m[1m[22m[2m │ gzip:  71.76 kB[22m
[2m../../../../../../../var/folders/3l/n0ncyjtx72n3pkp9psvfy3d00000gp/T/chromatic--81301-xDctPky1buYN/[22m[2massets/[22m[36mentry-preview-docs-hFR7sEJd.js     [39m[1m[2m247.07 kB[22m[1m[22m[2m │ gzip:  73.42 kB[22m
[2m../../../../../../../var/folders/3l/n0ncyjtx72n3pkp9psvfy3d00000gp/T/chromatic--81301-xDctPky1buYN/[22m[2massets/[22m[36mindex-Domkg0jQ.js                  [39m[1m[33m662.13 kB[39m[22m[2m │ gzip: 156.67 kB[22m
[2m../../../../../../../var/folders/3l/n0ncyjtx72n3pkp9psvfy3d00000gp/T/chromatic--81301-xDctPky1buYN/[22m[2massets/[22m[36mDocsRenderer-CFRXHY34-C2GChJ9S.js  [39m[1m[33m883.60 kB[39m[22m[2m │ gzip: 274.80 kB[22m
[32m✓ built in 2.94s[39m
info => Preview built ([38;2;181;126;229m3.42 s[39m)
info => Output directory: /var/folders/3l/n0ncyjtx72n3pkp9psvfy3d00000gp/T/chromatic--81301-xDctPky1buYN
